
PROGRAM "D:\Users\Leandro\workspace\xmobile\Project_4\bin\Project.abs"

*********************************************************************************************
TARGET SECTION
---------------------------------------------------------------------------------------------
Processor   : Freescale HC12
Memory Model: SMALL
File Format : ELF\DWARF 2.0
Linker      : SmartLinker V-5.0.40 Build 10203, Jul 23 2010

*********************************************************************************************
FILE SECTION
---------------------------------------------------------------------------------------------
Start12.c.o                             Model: SMALL,         Lang: ANSI-C
STDLIB.C.o (ansisi.lib)                 Model: SMALL,         Lang: ANSI-C
STRING.C.o (ansisi.lib)                 Model: SMALL,         Lang: ANSI-C
rtshc12.c.o (ansisi.lib)                Model: SMALL,         Lang: ANSI-C
Cpu.c.o                                 Model: SMALL,         Lang: ANSI-C
EI2C1.c.o                               Model: SMALL,         Lang: ANSI-C
IO_Map.c.o                              Model: SMALL,         Lang: ANSI-C
Vectors.c.o                             Model: SMALL,         Lang: ANSI-C
Events.c.o                              Model: SMALL,         Lang: ANSI-C
Project_4.c.o                           Model: SMALL,         Lang: ANSI-C
CAN1.c.o                                Model: SMALL,         Lang: ANSI-C
AD1.c.o                                 Model: SMALL,         Lang: ANSI-C
AS1.c.o                                 Model: SMALL,         Lang: ANSI-C
comm.c.o                                Model: SMALL,         Lang: ANSI-C
crc.c.o                                 Model: SMALL,         Lang: ANSI-C
handshake.c.o                           Model: SMALL,         Lang: ANSI-C
bus_interface.c.o                       Model: SMALL,         Lang: ANSI-C
can_interface.c.o                       Model: SMALL,         Lang: ANSI-C
uart_interface.c.o                      Model: SMALL,         Lang: ANSI-C
drive.c.o                               Model: SMALL,         Lang: ANSI-C
id.c.o                                  Model: SMALL,         Lang: ANSI-C
pid.c.o                                 Model: SMALL,         Lang: ANSI-C
program.c.o                             Model: SMALL,         Lang: ANSI-C
pwm.c.o                                 Model: SMALL,         Lang: ANSI-C
sensor_interface.c.o                    Model: SMALL,         Lang: ANSI-C
BOARD_ID.c.o                            Model: SMALL,         Lang: ANSI-C
fifo.c.o                                Model: SMALL,         Lang: ANSI-C
PWM_SUSPENSION_UP.c.o                   Model: SMALL,         Lang: ANSI-C
PWM_SUSPENSION_DOWN.c.o                 Model: SMALL,         Lang: ANSI-C
PWM_STEERING_LEFT.c.o                   Model: SMALL,         Lang: ANSI-C
PWM_STEERING_RIGHT.c.o                  Model: SMALL,         Lang: ANSI-C
PWM_WHEEL_FORWARDS.c.o                  Model: SMALL,         Lang: ANSI-C
PWM_WHEEL_BACKWARDS.c.o                 Model: SMALL,         Lang: ANSI-C
LED.c.o                                 Model: SMALL,         Lang: ANSI-C
utils.c.o                               Model: SMALL,         Lang: ANSI-C

*********************************************************************************************
STARTUP SECTION
---------------------------------------------------------------------------------------------
Entry point: 0xC010 (_EntryPoint)
_startupData is allocated at 0xC03A and uses 6 Bytes
extern struct _tagStartup {
  unsigned nofZeroOut     1
  _Range   pZeroOut       0x3800     409
  _Copy    *toCopyDownBeg 0xD59C
} _startupData;

*********************************************************************************************
SECTION-ALLOCATION SECTION
Section Name                    Size  Type     From       To       Segment
---------------------------------------------------------------------------------------------
.init                             58     R     0xC000     0xC039   ROM_C000
.startData                        10     R     0xC03A     0xC043   ROM_C000
NON_BANKED                       415     R     0xC044     0xC1E2   ROM_C000
.text                           3323     R     0xC1E3     0xCEDD   ROM_C000
.copy                             98     R     0xD59C     0xD5FD   ROM_C000
.data                             92   R/W     0x3800     0x385B   RAM
.abs_section_8                     1   N/I        0x8        0x8   .absSeg0
.abs_section_9                     1   N/I        0x9        0x9   .absSeg1
.abs_section_a                     1   N/I        0xA        0xA   .absSeg2
.abs_section_b                     1   N/I        0xB        0xB   .absSeg3
.abs_section_c                     1   N/I        0xC        0xC   .absSeg4
.abs_section_d                     1   N/I        0xD        0xD   .absSeg5
.abs_section_e                     1   N/I        0xE        0xE   .absSeg6
.abs_section_10                    1   N/I       0x10       0x10   .absSeg7
.abs_section_11                    1   N/I       0x11       0x11   .absSeg8
.abs_section_13                    1   N/I       0x13       0x13   .absSeg9
.abs_section_15                    1   N/I       0x15       0x15   .absSeg10
.abs_section_16                    1   N/I       0x16       0x16   .absSeg11
.abs_section_19                    1   N/I       0x19       0x19   .absSeg12
.abs_section_1c                    1   N/I       0x1C       0x1C   .absSeg13
.abs_section_1d                    1   N/I       0x1D       0x1D   .absSeg14
.abs_section_1e                    1   N/I       0x1E       0x1E   .absSeg15
.abs_section_1f                    1   N/I       0x1F       0x1F   .absSeg16
.abs_section_20                    1   N/I       0x20       0x20   .absSeg17
.abs_section_21                    1   N/I       0x21       0x21   .absSeg18
.abs_section_24                    1   N/I       0x24       0x24   .absSeg19
.abs_section_25                    1   N/I       0x25       0x25   .absSeg20
.abs_section_28                    1   N/I       0x28       0x28   .absSeg21
.abs_section_29                    1   N/I       0x29       0x29   .absSeg22
.abs_section_2a                    1   N/I       0x2A       0x2A   .absSeg23
.abs_section_2d                    1   N/I       0x2D       0x2D   .absSeg24
.abs_section_30                    1   N/I       0x30       0x30   .absSeg25
.abs_section_34                    1   N/I       0x34       0x34   .absSeg26
.abs_section_35                    1   N/I       0x35       0x35   .absSeg27
.abs_section_37                    1   N/I       0x37       0x37   .absSeg28
.abs_section_38                    1   N/I       0x38       0x38   .absSeg29
.abs_section_39                    1   N/I       0x39       0x39   .absSeg30
.abs_section_3a                    1   N/I       0x3A       0x3A   .absSeg31
.abs_section_3b                    1   N/I       0x3B       0x3B   .absSeg32
.abs_section_3c                    1   N/I       0x3C       0x3C   .absSeg33
.abs_section_3f                    1   N/I       0x3F       0x3F   .absSeg34
.abs_section_40                    1   N/I       0x40       0x40   .absSeg35
.abs_section_41                    1   N/I       0x41       0x41   .absSeg36
.abs_section_42                    1   N/I       0x42       0x42   .absSeg37
.abs_section_43                    1   N/I       0x43       0x43   .absSeg38
.abs_section_46                    1   N/I       0x46       0x46   .absSeg39
.abs_section_47                    1   N/I       0x47       0x47   .absSeg40
.abs_section_48                    1   N/I       0x48       0x48   .absSeg41
.abs_section_49                    1   N/I       0x49       0x49   .absSeg42
.abs_section_4a                    1   N/I       0x4A       0x4A   .absSeg43
.abs_section_4b                    1   N/I       0x4B       0x4B   .absSeg44
.abs_section_4c                    1   N/I       0x4C       0x4C   .absSeg45
.abs_section_4d                    1   N/I       0x4D       0x4D   .absSeg46
.abs_section_4e                    1   N/I       0x4E       0x4E   .absSeg47
.abs_section_4f                    1   N/I       0x4F       0x4F   .absSeg48
.abs_section_60                    1   N/I       0x60       0x60   .absSeg49
.abs_section_61                    1   N/I       0x61       0x61   .absSeg50
.abs_section_86                    1   N/I       0x86       0x86   .absSeg51
.abs_section_89                    1   N/I       0x89       0x89   .absSeg52
.abs_section_8b                    1   N/I       0x8B       0x8B   .absSeg53
.abs_section_8d                    1   N/I       0x8D       0x8D   .absSeg54
.abs_section_8f                    1   N/I       0x8F       0x8F   .absSeg55
.abs_section_ca                    1   N/I       0xCA       0xCA   .absSeg56
.abs_section_cb                    1   N/I       0xCB       0xCB   .absSeg57
.abs_section_cc                    1   N/I       0xCC       0xCC   .absSeg58
.abs_section_cd                    1   N/I       0xCD       0xCD   .absSeg59
.abs_section_ce                    1   N/I       0xCE       0xCE   .absSeg60
.abs_section_cf                    1   N/I       0xCF       0xCF   .absSeg61
.abs_section_d8                    1   N/I       0xD8       0xD8   .absSeg62
.abs_section_d9                    1   N/I       0xD9       0xD9   .absSeg63
.abs_section_da                    1   N/I       0xDA       0xDA   .absSeg64
.abs_section_db                    1   N/I       0xDB       0xDB   .absSeg65
.abs_section_dd                    1   N/I       0xDD       0xDD   .absSeg66
.abs_section_e0                    1   N/I       0xE0       0xE0   .absSeg67
.abs_section_e1                    1   N/I       0xE1       0xE1   .absSeg68
.abs_section_e2                    1   N/I       0xE2       0xE2   .absSeg69
.abs_section_e3                    1   N/I       0xE3       0xE3   .absSeg70
.abs_section_e4                    1   N/I       0xE4       0xE4   .absSeg71
.abs_section_e5                    1   N/I       0xE5       0xE5   .absSeg72
.abs_section_e8                    1   N/I       0xE8       0xE8   .absSeg73
.abs_section_e9                    1   N/I       0xE9       0xE9   .absSeg74
.abs_section_fe                    1   N/I       0xFE       0xFE   .absSeg75
.abs_section_100                   1   N/I      0x100      0x100   .absSeg76
.abs_section_101                   1   N/I      0x101      0x101   .absSeg77
.abs_section_103                   1   N/I      0x103      0x103   .absSeg78
.abs_section_104                   1   N/I      0x104      0x104   .absSeg79
.abs_section_105                   1   N/I      0x105      0x105   .absSeg80
.abs_section_106                   1   N/I      0x106      0x106   .absSeg81
.abs_section_140                   1   N/I      0x140      0x140   .absSeg82
.abs_section_141                   1   N/I      0x141      0x141   .absSeg83
.abs_section_142                   1   N/I      0x142      0x142   .absSeg84
.abs_section_143                   1   N/I      0x143      0x143   .absSeg85
.abs_section_144                   1   N/I      0x144      0x144   .absSeg86
.abs_section_145                   1   N/I      0x145      0x145   .absSeg87
.abs_section_146                   1   N/I      0x146      0x146   .absSeg88
.abs_section_147                   1   N/I      0x147      0x147   .absSeg89
.abs_section_148                   1   N/I      0x148      0x148   .absSeg90
.abs_section_149                   1   N/I      0x149      0x149   .absSeg91
.abs_section_14a                   1   N/I      0x14A      0x14A   .absSeg92
.abs_section_14b                   1   N/I      0x14B      0x14B   .absSeg93
.abs_section_14e                   1   N/I      0x14E      0x14E   .absSeg94
.abs_section_14f                   1   N/I      0x14F      0x14F   .absSeg95
.abs_section_150                   1   N/I      0x150      0x150   .absSeg96
.abs_section_151                   1   N/I      0x151      0x151   .absSeg97
.abs_section_152                   1   N/I      0x152      0x152   .absSeg98
.abs_section_153                   1   N/I      0x153      0x153   .absSeg99
.abs_section_154                   1   N/I      0x154      0x154   .absSeg100
.abs_section_155                   1   N/I      0x155      0x155   .absSeg101
.abs_section_156                   1   N/I      0x156      0x156   .absSeg102
.abs_section_157                   1   N/I      0x157      0x157   .absSeg103
.abs_section_158                   1   N/I      0x158      0x158   .absSeg104
.abs_section_159                   1   N/I      0x159      0x159   .absSeg105
.abs_section_15a                   1   N/I      0x15A      0x15A   .absSeg106
.abs_section_15b                   1   N/I      0x15B      0x15B   .absSeg107
.abs_section_15c                   1   N/I      0x15C      0x15C   .absSeg108
.abs_section_15d                   1   N/I      0x15D      0x15D   .absSeg109
.abs_section_15e                   1   N/I      0x15E      0x15E   .absSeg110
.abs_section_15f                   1   N/I      0x15F      0x15F   .absSeg111
.abs_section_160                   1   N/I      0x160      0x160   .absSeg112
.abs_section_161                   1   N/I      0x161      0x161   .absSeg113
.abs_section_162                   1   N/I      0x162      0x162   .absSeg114
.abs_section_163                   1   N/I      0x163      0x163   .absSeg115
.abs_section_164                   1   N/I      0x164      0x164   .absSeg116
.abs_section_165                   1   N/I      0x165      0x165   .absSeg117
.abs_section_166                   1   N/I      0x166      0x166   .absSeg118
.abs_section_167                   1   N/I      0x167      0x167   .absSeg119
.abs_section_168                   1   N/I      0x168      0x168   .absSeg120
.abs_section_169                   1   N/I      0x169      0x169   .absSeg121
.abs_section_16a                   1   N/I      0x16A      0x16A   .absSeg122
.abs_section_16b                   1   N/I      0x16B      0x16B   .absSeg123
.abs_section_16c                   1   N/I      0x16C      0x16C   .absSeg124
.abs_section_170                   1   N/I      0x170      0x170   .absSeg125
.abs_section_171                   1   N/I      0x171      0x171   .absSeg126
.abs_section_172                   1   N/I      0x172      0x172   .absSeg127
.abs_section_173                   1   N/I      0x173      0x173   .absSeg128
.abs_section_174                   1   N/I      0x174      0x174   .absSeg129
.abs_section_175                   1   N/I      0x175      0x175   .absSeg130
.abs_section_176                   1   N/I      0x176      0x176   .absSeg131
.abs_section_177                   1   N/I      0x177      0x177   .absSeg132
.abs_section_178                   1   N/I      0x178      0x178   .absSeg133
.abs_section_179                   1   N/I      0x179      0x179   .absSeg134
.abs_section_17a                   1   N/I      0x17A      0x17A   .absSeg135
.abs_section_17b                   1   N/I      0x17B      0x17B   .absSeg136
.abs_section_17c                   1   N/I      0x17C      0x17C   .absSeg137
.abs_section_17d                   1   N/I      0x17D      0x17D   .absSeg138
.abs_section_240                   1   N/I      0x240      0x240   .absSeg139
.abs_section_241                   1   N/I      0x241      0x241   .absSeg140
.abs_section_242                   1   N/I      0x242      0x242   .absSeg141
.abs_section_243                   1   N/I      0x243      0x243   .absSeg142
.abs_section_244                   1   N/I      0x244      0x244   .absSeg143
.abs_section_245                   1   N/I      0x245      0x245   .absSeg144
.abs_section_247                   1   N/I      0x247      0x247   .absSeg145
.abs_section_248                   1   N/I      0x248      0x248   .absSeg146
.abs_section_249                   1   N/I      0x249      0x249   .absSeg147
.abs_section_24a                   1   N/I      0x24A      0x24A   .absSeg148
.abs_section_24b                   1   N/I      0x24B      0x24B   .absSeg149
.abs_section_24c                   1   N/I      0x24C      0x24C   .absSeg150
.abs_section_24d                   1   N/I      0x24D      0x24D   .absSeg151
.abs_section_24e                   1   N/I      0x24E      0x24E   .absSeg152
.abs_section_250                   1   N/I      0x250      0x250   .absSeg153
.abs_section_251                   1   N/I      0x251      0x251   .absSeg154
.abs_section_252                   1   N/I      0x252      0x252   .absSeg155
.abs_section_253                   1   N/I      0x253      0x253   .absSeg156
.abs_section_254                   1   N/I      0x254      0x254   .absSeg157
.abs_section_255                   1   N/I      0x255      0x255   .absSeg158
.abs_section_256                   1   N/I      0x256      0x256   .absSeg159
.abs_section_258                   1   N/I      0x258      0x258   .absSeg160
.abs_section_259                   1   N/I      0x259      0x259   .absSeg161
.abs_section_25a                   1   N/I      0x25A      0x25A   .absSeg162
.abs_section_25b                   1   N/I      0x25B      0x25B   .absSeg163
.abs_section_25c                   1   N/I      0x25C      0x25C   .absSeg164
.abs_section_25d                   1   N/I      0x25D      0x25D   .absSeg165
.abs_section_25e                   1   N/I      0x25E      0x25E   .absSeg166
.abs_section_25f                   1   N/I      0x25F      0x25F   .absSeg167
.abs_section_268                   1   N/I      0x268      0x268   .absSeg168
.abs_section_269                   1   N/I      0x269      0x269   .absSeg169
.abs_section_26a                   1   N/I      0x26A      0x26A   .absSeg170
.abs_section_26b                   1   N/I      0x26B      0x26B   .absSeg171
.abs_section_26c                   1   N/I      0x26C      0x26C   .absSeg172
.abs_section_26d                   1   N/I      0x26D      0x26D   .absSeg173
.abs_section_26e                   1   N/I      0x26E      0x26E   .absSeg174
.abs_section_26f                   1   N/I      0x26F      0x26F   .absSeg175
.abs_section_270                   1   N/I      0x270      0x270   .absSeg176
.abs_section_271                   1   N/I      0x271      0x271   .absSeg177
.abs_section_272                   1   N/I      0x272      0x272   .absSeg178
.abs_section_273                   1   N/I      0x273      0x273   .absSeg179
.abs_section_274                   1   N/I      0x274      0x274   .absSeg180
.abs_section_275                   1   N/I      0x275      0x275   .absSeg181
.abs_section_0                     2   N/I        0x0        0x1   .absSeg182
.abs_section_2                     2   N/I        0x2        0x3   .absSeg183
.abs_section_1a                    2   N/I       0x1A       0x1B   .absSeg184
.abs_section_22                    2   N/I       0x22       0x23   .absSeg185
.abs_section_26                    2   N/I       0x26       0x27   .absSeg186
.abs_section_2b                    2   N/I       0x2B       0x2C   .absSeg187
.abs_section_2e                    2   N/I       0x2E       0x2F   .absSeg188
.abs_section_44                    2   N/I       0x44       0x45   .absSeg189
.abs_section_50                    2   N/I       0x50       0x51   .absSeg190
.abs_section_52                    2   N/I       0x52       0x53   .absSeg191
.abs_section_54                    2   N/I       0x54       0x55   .absSeg192
.abs_section_56                    2   N/I       0x56       0x57   .absSeg193
.abs_section_58                    2   N/I       0x58       0x59   .absSeg194
.abs_section_5a                    2   N/I       0x5A       0x5B   .absSeg195
.abs_section_5c                    2   N/I       0x5C       0x5D   .absSeg196
.abs_section_5e                    2   N/I       0x5E       0x5F   .absSeg197
.abs_section_62                    2   N/I       0x62       0x63   .absSeg198
.abs_section_82                    2   N/I       0x82       0x83   .absSeg199
.abs_section_84                    2   N/I       0x84       0x85   .absSeg200
.abs_section_90                    2   N/I       0x90       0x91   .absSeg201
.abs_section_92                    2   N/I       0x92       0x93   .absSeg202
.abs_section_94                    2   N/I       0x94       0x95   .absSeg203
.abs_section_96                    2   N/I       0x96       0x97   .absSeg204
.abs_section_98                    2   N/I       0x98       0x99   .absSeg205
.abs_section_9a                    2   N/I       0x9A       0x9B   .absSeg206
.abs_section_9c                    2   N/I       0x9C       0x9D   .absSeg207
.abs_section_9e                    2   N/I       0x9E       0x9F   .absSeg208
.abs_section_c8                    2   N/I       0xC8       0xC9   .absSeg209
.abs_section_ec                    2   N/I       0xEC       0xED   .absSeg210
.abs_section_ee                    2   N/I       0xEE       0xEF   .absSeg211
.abs_section_f0                    2   N/I       0xF0       0xF1   .absSeg212
.abs_section_f2                    2   N/I       0xF2       0xF3   .absSeg213
.abs_section_f4                    2   N/I       0xF4       0xF5   .absSeg214
.abs_section_f6                    2   N/I       0xF6       0xF7   .absSeg215
.abs_section_f8                    2   N/I       0xF8       0xF9   .absSeg216
.abs_section_fa                    2   N/I       0xFA       0xFB   .absSeg217
.abs_section_fc                    2   N/I       0xFC       0xFD   .absSeg218
.abs_section_16e                   2   N/I      0x16E      0x16F   .absSeg219
.abs_section_17e                   2   N/I      0x17E      0x17F   .absSeg220
.abs_section_ff80                128     R     0xFF80     0xFFFF   .absSeg221
.bss                              95   R/W     0x385C     0x38BA   RAM
RUNTIME                          474     R     0xCEDE     0xD0B7   ROM_C000
.common                           54   R/W     0x38BB     0x38F0   RAM
EI2C1_CODE                         6     R     0xD0B8     0xD0BD   ROM_C000
CAN1_DATA                          2   R/W     0x38F1     0x38F2   RAM
CAN1_CODE                        581     R     0xD0BE     0xD302   ROM_C000
AD1_DATA                          11   R/W     0x38F3     0x38FD   RAM
AD1_CODE                          18     R     0xD303     0xD314   ROM_C000
AS1_DATA                         142   R/W     0x38FE     0x398B   RAM
AS1_CODE                         264     R     0xD315     0xD41C   ROM_C000
PWM_SUSPENSION_UP_CODE            56     R     0xD41D     0xD454   ROM_C000
PWM_SUSPENSION_DOWN_CODE          49     R     0xD455     0xD485   ROM_C000
PWM_STEERING_LEFT_CODE            62     R     0xD486     0xD4C3   ROM_C000
PWM_STEERING_RIGHT_CODE           55     R     0xD4C4     0xD4FA   ROM_C000
PWM_WHEEL_FORWARDS_CODE           55     R     0xD4FB     0xD531   ROM_C000
PWM_WHEEL_BACKWARDS_CODE          55     R     0xD532     0xD568   ROM_C000
BOARD_ID_CODE                     33     R     0xD569     0xD589   ROM_C000
LED_CODE                          11     R     0xD58A     0xD594   ROM_C000
EI2C1_DATA                         1   R/W     0x398C     0x398C   RAM
AD1_CONST                          4     R     0xD595     0xD598   ROM_C000
BOARD_ID_CONST                     3     R     0xD599     0xD59B   ROM_C000
PWM_SUSPENSION_UP_DATA             2   R/W     0x398D     0x398E   RAM
PWM_SUSPENSION_DOWN_DATA           2   R/W     0x398F     0x3990   RAM
PWM_STEERING_LEFT_DATA             2   R/W     0x3991     0x3992   RAM
PWM_STEERING_RIGHT_DATA            2   R/W     0x3993     0x3994   RAM
PWM_WHEEL_FORWARDS_DATA            2   R/W     0x3995     0x3996   RAM
PWM_WHEEL_BACKWARDS_DATA           2   R/W     0x3997     0x3998   RAM
.stack                           256   R/W     0x3999     0x3A98   RAM

Summary of section sizes per section type:
READ_ONLY (R):        167E (dec:     5758)
READ_WRITE (R/W):      299 (dec:      665)
NO_INIT (N/I):         104 (dec:      260)

*********************************************************************************************
VECTOR-ALLOCATION SECTION
    Address     InitValue   InitFunction
---------------------------------------------------------------------------------------------

*********************************************************************************************
OBJECT-ALLOCATION SECTION
     Name               Module                 Addr   hSize   dSize     Ref    Section   RLIB
---------------------------------------------------------------------------------------------
MODULE:                 -- Start12.c.o --
- PROCEDURES:
     Init                                      C1E3      29      41       1   .text       
     _Startup                                  C20C       8       8       1   .text       
- VARIABLES:
     _startupData                              C03A       6       6       3   .startData  
- LABELS:
     __SEG_END_SSTACK                          3A99       0       0       1               
MODULE:                 -- STDLIB.C.o (ansisi.lib) --
- PROCEDURES:
     abs                                       C214       A      10       1   .text       
- VARIABLES:
MODULE:                 -- STRING.C.o (ansisi.lib) --
- PROCEDURES:
     memcpy                                    C21E      24      36       8   .text       
     memset                                    C242      18      24       1   .text       
- VARIABLES:
MODULE:                 -- rtshc12.c.o (ansisi.lib) --
- PROCEDURES:
     _LSHL                                     CEDE      11      17       2   RUNTIME     
     _LSHRU                                    CEEF      11      17       2   RUNTIME     
     _LCMP                                     CF00      19      25       1   RUNTIME     
     _LNEG                                     CF19       D      13       2   RUNTIME     
     _LINC                                     CF26       5       5       1   RUNTIME     
     _LDEC                                     CF2B       8       8       1   RUNTIME     
     _LMUL                                     CF33      27      39       2   RUNTIME     
     _LMULS16x32                               CF5A      1F      31       2   RUNTIME     
     _lDivMod                                  CF79      BE     190       2   RUNTIME     
     _NEG_P                                    D037       F      15       4   RUNTIME     
     _LDIVS                                    D046      35      53       4   RUNTIME     
     _ILSEXT                                   D07B       7       7       3   RUNTIME     
     _COPY                                     D082       8       8       1   RUNTIME     
     _CASE_CHECKED_BYTE                        D08A      14      20       3   RUNTIME     
     _CASE_SEARCH_8_BYTE                       D09E      1A      26       1   RUNTIME     
- VARIABLES:
MODULE:                 -- Cpu.c.o --
- PROCEDURES:
     PE_low_level_init                         C25A      A2     162       1   .text       
     Cpu_Interrupt                             C000       2       2      56   .init       
     Cpu_Delay100US                            C002       E      14       1   .init       
     _EntryPoint                               C010      2A      42       3   .init       
- VARIABLES:
     CCR_reg                                   38BB       1       1       7   .common     
     Shadow_AD0                                38BC       1       1       1   .common     
MODULE:                 -- EI2C1.c.o --
- PROCEDURES:
     EI2C1_Init                                D0B8       6       6       1   EI2C1_CODE  
- VARIABLES:
     SlaveAddr                                 398C       1       1       1   EI2C1_DATA  
MODULE:                 -- IO_Map.c.o --
- PROCEDURES:
- VARIABLES:
     _PORTE                                       8       1       1       0   .abs_section_8
     _DDRE                                        9       1       1       0   .abs_section_9
     _PEAR                                        A       1       1       1   .abs_section_a
     _MODE                                        B       1       1       0   .abs_section_b
     _PUCR                                        C       1       1       1   .abs_section_c
     _RDRIV                                       D       1       1       1   .abs_section_d
     _EBICTL                                      E       1       1       0   .abs_section_e
     _INITRM                                     10       1       1       1   .abs_section_10
     _INITRG                                     11       1       1       0   .abs_section_11
     _MISC                                       13       1       1       1   .abs_section_13
     _ITCR                                       15       1       1       0   .abs_section_15
     _ITEST                                      16       1       1       0   .abs_section_16
     _VREGCTRL                                   19       1       1       1   .abs_section_19
     _MEMSIZ0                                    1C       1       1       0   .abs_section_1c
     _MEMSIZ1                                    1D       1       1       0   .abs_section_1d
     _INTCR                                      1E       1       1       1   .abs_section_1e
     _HPRIO                                      1F       1       1       0   .abs_section_1f
     _DBGC1                                      20       1       1       0   .abs_section_20
     _DBGSC                                      21       1       1       0   .abs_section_21
     _DBGCNT                                     24       1       1       0   .abs_section_24
     _DBGCCX                                     25       1       1       0   .abs_section_25
     _DBGC2                                      28       1       1       0   .abs_section_28
     _DBGC3                                      29       1       1       0   .abs_section_29
     _DBGCAX                                     2A       1       1       0   .abs_section_2a
     _DBGCBX                                     2D       1       1       0   .abs_section_2d
     _PPAGE                                      30       1       1       0   .abs_section_30
     _SYNR                                       34       1       1       1   .abs_section_34
     _REFDV                                      35       1       1       1   .abs_section_35
     _CRGFLG                                     37       1       1       1   .abs_section_37
     _CRGINT                                     38       1       1       1   .abs_section_38
     _CLKSEL                                     39       1       1       2   .abs_section_39
     _PLLCTL                                     3A       1       1       2   .abs_section_3a
     _RTICTL                                     3B       1       1       0   .abs_section_3b
     _COPCTL                                     3C       1       1       1   .abs_section_3c
     _ARMCOP                                     3F       1       1       0   .abs_section_3f
     _TIOS                                       40       1       1       0   .abs_section_40
     _CFORC                                      41       1       1       0   .abs_section_41
     _OC7M                                       42       1       1       0   .abs_section_42
     _OC7D                                       43       1       1       0   .abs_section_43
     _TSCR1                                      46       1       1       0   .abs_section_46
     _TTOV                                       47       1       1       0   .abs_section_47
     _TCTL1                                      48       1       1       0   .abs_section_48
     _TCTL2                                      49       1       1       0   .abs_section_49
     _TCTL3                                      4A       1       1       0   .abs_section_4a
     _TCTL4                                      4B       1       1       0   .abs_section_4b
     _TIE                                        4C       1       1       0   .abs_section_4c
     _TSCR2                                      4D       1       1       0   .abs_section_4d
     _TFLG1                                      4E       1       1       0   .abs_section_4e
     _TFLG2                                      4F       1       1       0   .abs_section_4f
     _PACTL                                      60       1       1       0   .abs_section_60
     _PAFLG                                      61       1       1       0   .abs_section_61
     _ATDSTAT0                                   86       1       1       0   .abs_section_86
     _ATDTEST1                                   89       1       1       0   .abs_section_89
     _ATDSTAT1                                   8B       1       1       0   .abs_section_8b
     _ATDDIEN                                    8D       1       1       2   .abs_section_8d
     _PORTAD0                                    8F       1       1       0   .abs_section_8f
     _SCICR1                                     CA       1       1       1   .abs_section_ca
     _SCICR2                                     CB       1       1       6   .abs_section_cb
     _SCISR1                                     CC       1       1       3   .abs_section_cc
     _SCISR2                                     CD       1       1       1   .abs_section_cd
     _SCIDRH                                     CE       1       1       0   .abs_section_ce
     _SCIDRL                                     CF       1       1       3   .abs_section_cf
     _SPICR1                                     D8       1       1       0   .abs_section_d8
     _SPICR2                                     D9       1       1       0   .abs_section_d9
     _SPIBR                                      DA       1       1       0   .abs_section_da
     _SPISR                                      DB       1       1       0   .abs_section_db
     _SPIDR                                      DD       1       1       0   .abs_section_dd
     _PWME                                       E0       1       1       7   .abs_section_e0
     _PWMPOL                                     E1       1       1       1   .abs_section_e1
     _PWMCLK                                     E2       1       1       6   .abs_section_e2
     _PWMPRCLK                                   E3       1       1       2   .abs_section_e3
     _PWMCAE                                     E4       1       1       1   .abs_section_e4
     _PWMCTL                                     E5       1       1       1   .abs_section_e5
     _PWMSCLA                                    E8       1       1       1   .abs_section_e8
     _PWMSCLB                                    E9       1       1       1   .abs_section_e9
     _PWMSDN                                     FE       1       1       6   .abs_section_fe
     _FCLKDIV                                   100       1       1       0   .abs_section_100
     _FSEC                                      101       1       1       0   .abs_section_101
     _FCNFG                                     103       1       1       0   .abs_section_103
     _FPROT                                     104       1       1       0   .abs_section_104
     _FSTAT                                     105       1       1       0   .abs_section_105
     _FCMD                                      106       1       1       0   .abs_section_106
     _CANCTL0                                   140       1       1       2   .abs_section_140
     _CANCTL1                                   141       1       1       3   .abs_section_141
     _CANBTR0                                   142       1       1       1   .abs_section_142
     _CANBTR1                                   143       1       1       1   .abs_section_143
     _CANRFLG                                   144       1       1       4   .abs_section_144
     _CANRIER                                   145       1       1       1   .abs_section_145
     _CANTFLG                                   146       1       1       4   .abs_section_146
     _CANTIER                                   147       1       1       6   .abs_section_147
     _CANTARQ                                   148       1       1       0   .abs_section_148
     _CANTAAK                                   149       1       1       0   .abs_section_149
     _CANTBSEL                                  14A       1       1       3   .abs_section_14a
     _CANIDAC                                   14B       1       1       1   .abs_section_14b
     _CANRXERR                                  14E       1       1       0   .abs_section_14e
     _CANTXERR                                  14F       1       1       0   .abs_section_14f
     _CANIDAR0                                  150       1       1       1   .abs_section_150
     _CANIDAR1                                  151       1       1       1   .abs_section_151
     _CANIDAR2                                  152       1       1       1   .abs_section_152
     _CANIDAR3                                  153       1       1       1   .abs_section_153
     _CANIDMR0                                  154       1       1       1   .abs_section_154
     _CANIDMR1                                  155       1       1       1   .abs_section_155
     _CANIDMR2                                  156       1       1       1   .abs_section_156
     _CANIDMR3                                  157       1       1       1   .abs_section_157
     _CANIDAR4                                  158       1       1       1   .abs_section_158
     _CANIDAR5                                  159       1       1       1   .abs_section_159
     _CANIDAR6                                  15A       1       1       1   .abs_section_15a
     _CANIDAR7                                  15B       1       1       1   .abs_section_15b
     _CANIDMR4                                  15C       1       1       1   .abs_section_15c
     _CANIDMR5                                  15D       1       1       1   .abs_section_15d
     _CANIDMR6                                  15E       1       1       1   .abs_section_15e
     _CANIDMR7                                  15F       1       1       1   .abs_section_15f
     _CANRXIDR0                                 160       1       1       1   .abs_section_160
     _CANRXIDR1                                 161       1       1       2   .abs_section_161
     _CANRXIDR2                                 162       1       1       1   .abs_section_162
     _CANRXIDR3                                 163       1       1       2   .abs_section_163
     _CANRXDSR0                                 164       1       1       1   .abs_section_164
     _CANRXDSR1                                 165       1       1       0   .abs_section_165
     _CANRXDSR2                                 166       1       1       0   .abs_section_166
     _CANRXDSR3                                 167       1       1       0   .abs_section_167
     _CANRXDSR4                                 168       1       1       0   .abs_section_168
     _CANRXDSR5                                 169       1       1       0   .abs_section_169
     _CANRXDSR6                                 16A       1       1       0   .abs_section_16a
     _CANRXDSR7                                 16B       1       1       0   .abs_section_16b
     _CANRXDLR                                  16C       1       1       1   .abs_section_16c
     _CANTXIDR0                                 170       1       1       1   .abs_section_170
     _CANTXIDR1                                 171       1       1       0   .abs_section_171
     _CANTXIDR2                                 172       1       1       0   .abs_section_172
     _CANTXIDR3                                 173       1       1       0   .abs_section_173
     _CANTXDSR0                                 174       1       1       0   .abs_section_174
     _CANTXDSR1                                 175       1       1       0   .abs_section_175
     _CANTXDSR2                                 176       1       1       0   .abs_section_176
     _CANTXDSR3                                 177       1       1       0   .abs_section_177
     _CANTXDSR4                                 178       1       1       0   .abs_section_178
     _CANTXDSR5                                 179       1       1       0   .abs_section_179
     _CANTXDSR6                                 17A       1       1       0   .abs_section_17a
     _CANTXDSR7                                 17B       1       1       0   .abs_section_17b
     _CANTXDLR                                  17C       1       1       1   .abs_section_17c
     _CANTXTBPR                                 17D       1       1       1   .abs_section_17d
     _PTT                                       240       1       1       2   .abs_section_240
     _PTIT                                      241       1       1       0   .abs_section_241
     _DDRT                                      242       1       1       1   .abs_section_242
     _RDRT                                      243       1       1       1   .abs_section_243
     _PERT                                      244       1       1       1   .abs_section_244
     _PPST                                      245       1       1       1   .abs_section_245
     _MODRR                                     247       1       1       1   .abs_section_247
     _PTS                                       248       1       1       1   .abs_section_248
     _PTIS                                      249       1       1       0   .abs_section_249
     _DDRS                                      24A       1       1       2   .abs_section_24a
     _RDRS                                      24B       1       1       1   .abs_section_24b
     _PERS                                      24C       1       1       0   .abs_section_24c
     _PPSS                                      24D       1       1       0   .abs_section_24d
     _WOMS                                      24E       1       1       0   .abs_section_24e
     _PTM                                       250       1       1       0   .abs_section_250
     _PTIM                                      251       1       1       0   .abs_section_251
     _DDRM                                      252       1       1       0   .abs_section_252
     _RDRM                                      253       1       1       1   .abs_section_253
     _PERM                                      254       1       1       0   .abs_section_254
     _PPSM                                      255       1       1       0   .abs_section_255
     _WOMM                                      256       1       1       0   .abs_section_256
     _PTP                                       258       1       1       1   .abs_section_258
     _PTIP                                      259       1       1       0   .abs_section_259
     _DDRP                                      25A       1       1       1   .abs_section_25a
     _RDRP                                      25B       1       1       1   .abs_section_25b
     _PERP                                      25C       1       1       0   .abs_section_25c
     _PPSP                                      25D       1       1       0   .abs_section_25d
     _PIEP                                      25E       1       1       0   .abs_section_25e
     _PIFP                                      25F       1       1       0   .abs_section_25f
     _PTJ                                       268       1       1       0   .abs_section_268
     _PTIJ                                      269       1       1       0   .abs_section_269
     _DDRJ                                      26A       1       1       0   .abs_section_26a
     _RDRJ                                      26B       1       1       1   .abs_section_26b
     _PERJ                                      26C       1       1       0   .abs_section_26c
     _PPSJ                                      26D       1       1       0   .abs_section_26d
     _PIEJ                                      26E       1       1       0   .abs_section_26e
     _PIFJ                                      26F       1       1       0   .abs_section_26f
     _PTAD                                      270       1       1       2   .abs_section_270
     _PTIAD                                     271       1       1       0   .abs_section_271
     _DDRAD                                     272       1       1       1   .abs_section_272
     _RDRAD                                     273       1       1       1   .abs_section_273
     _PERAD                                     274       1       1       1   .abs_section_274
     _PPSAD                                     275       1       1       0   .abs_section_275
     _PORTAB                                      0       2       2       3   .abs_section_0
     _DDRAB                                       2       2       2       1   .abs_section_2
     _PARTID                                     1A       2       2       0   .abs_section_1a
     _DBGTB                                      22       2       2       0   .abs_section_22
     _DBGCC                                      26       2       2       0   .abs_section_26
     _DBGCA                                      2B       2       2       0   .abs_section_2b
     _DBGCB                                      2E       2       2       0   .abs_section_2e
     _TCNT                                       44       2       2       0   .abs_section_44
     _TC0                                        50       2       2       0   .abs_section_50
     _TC1                                        52       2       2       0   .abs_section_52
     _TC2                                        54       2       2       0   .abs_section_54
     _TC3                                        56       2       2       0   .abs_section_56
     _TC4                                        58       2       2       0   .abs_section_58
     _TC5                                        5A       2       2       0   .abs_section_5a
     _TC6                                        5C       2       2       0   .abs_section_5c
     _TC7                                        5E       2       2       0   .abs_section_5e
     _PACNT                                      62       2       2       0   .abs_section_62
     _ATDCTL23                                   82       2       2       2   .abs_section_82
     _ATDCTL45                                   84       2       2       2   .abs_section_84
     _ATDDR0                                     90       2       2       2   .abs_section_90
     _ATDDR1                                     92       2       2       0   .abs_section_92
     _ATDDR2                                     94       2       2       0   .abs_section_94
     _ATDDR3                                     96       2       2       0   .abs_section_96
     _ATDDR4                                     98       2       2       0   .abs_section_98
     _ATDDR5                                     9A       2       2       0   .abs_section_9a
     _ATDDR6                                     9C       2       2       0   .abs_section_9c
     _ATDDR7                                     9E       2       2       0   .abs_section_9e
     _SCIBD                                      C8       2       2       1   .abs_section_c8
     _PWMCNT01                                   EC       2       2       2   .abs_section_ec
     _PWMCNT23                                   EE       2       2       2   .abs_section_ee
     _PWMCNT45                                   F0       2       2       2   .abs_section_f0
     _PWMPER01                                   F2       2       2       2   .abs_section_f2
     _PWMPER23                                   F4       2       2       2   .abs_section_f4
     _PWMPER45                                   F6       2       2       2   .abs_section_f6
     _PWMDTY01                                   F8       2       2       4   .abs_section_f8
     _PWMDTY23                                   FA       2       2       4   .abs_section_fa
     _PWMDTY45                                   FC       2       2       4   .abs_section_fc
     _CANRXTSR                                  16E       2       2       0   .abs_section_16e
     _CANTXTSR                                  17E       2       2       0   .abs_section_17e
MODULE:                 -- Vectors.c.o --
- PROCEDURES:
- VARIABLES:
     _InterruptVectorTable                     FF80      80     128       0   .abs_section_ff80
MODULE:                 -- Events.c.o --
- PROCEDURES:
     CAN1_OnFreeTxBuffer                       C2FC       4       4       1   .text       
     CAN1_OnFullRxBuffer                       C300      64     100       1   .text       
     CAN1_OnBusOff                             C364       1       1       1   .text       
     AD1_OnEnd                                 C365       1       1       1   .text       
     AS1_OnError                               C366       1       1       2   .text       
     AS1_OnRxChar                              C367      12      18       1   .text       
     AS1_OnTxChar                              C379       1       1       1   .text       
     AS1_OnFullRxBuf                           C37A       1       1       1   .text       
     AS1_OnFreeTxBuf                           C37B       1       1       1   .text       
     CAN1_OnError                              C37C       1       1       1   .text       
     CAN1_OnReceiverErrorPassive               C37D       1       1       1   .text       
     CAN1_OnOverrun                            C37E       1       1       2   .text       
     CAN1_OnReceiverWarning                    C37F       1       1       1   .text       
- VARIABLES:
     cont.1                                    385C       1       1       1   .bss        
MODULE:                 -- Project_4.c.o --
- PROCEDURES:
     main                                      C380      11      17       1   .text       
- VARIABLES:
MODULE:                 -- CAN1.c.o --
- PROCEDURES:
     CAN1_InterruptTx                          C044      1A      26       1   NON_BANKED  
     CAN1_InterruptRx                          C05E      35      53       1   NON_BANKED  
     CAN1_InterruptError                       C093      4B      75       1   NON_BANKED  
     CAN1_SendFrameExt                         D0BE     112     274       2   CAN1_CODE   
     CAN1_ReadFrame                            D1D0      D6     214       2   CAN1_CODE   
     CAN1_Init                                 D2A6      5D      93       1   CAN1_CODE   
- VARIABLES:
     ErrFlag                                   38F1       1       1       5   CAN1_DATA   
     SerFlag                                   38F2       1       1       8   CAN1_DATA   
MODULE:                 -- AD1.c.o --
- PROCEDURES:
     AD1_Interrupt                             C0DE      3F      63       1   NON_BANKED  
     AD1_Init                                  D303      12      18       1   AD1_CODE    
- VARIABLES:
     OutFlg                                    38F3       1       1       2   AD1_DATA    
     SumChan                                   38F4       1       1       5   AD1_DATA    
     ModeFlg                                   38F5       1       1       4   AD1_DATA    
     AD1_OutV                                  38F6       8       8       1   AD1_DATA    
     Channels                                  D595       4       4       1   AD1_CONST   
MODULE:                 -- AS1.c.o --
- PROCEDURES:
     AS1_Interrupt                             C11D      C6     198       1   NON_BANKED  
     AS1_RecvChar                              D315      51      81       1   AS1_CODE    
     AS1_SendBlock                             D366      7E     126       1   AS1_CODE    
     AS1_Init                                  D3E4      39      57       1   AS1_CODE    
- VARIABLES:
     SerFlag                                   38FE       1       1       8   AS1_DATA    
     AS1_InpLen                                38FF       2       2       7   AS1_DATA    
     InpPtrR                                   3901       2       2       5   AS1_DATA    
     InpPtrW                                   3903       2       2       4   AS1_DATA    
     InpBuffer                                 3905      40      64       6   AS1_DATA    
     AS1_OutLen                                3945       2       2       7   AS1_DATA    
     OutPtrR                                   3947       2       2       4   AS1_DATA    
     OutPtrW                                   3949       2       2       4   AS1_DATA    
     OutBuffer                                 394B      40      64       6   AS1_DATA    
     OnFreeTxBuf_semaphore                     398B       1       1       5   AS1_DATA    
MODULE:                 -- comm.c.o --
- PROCEDURES:
     comm_setData                              C391      2E      46       2   .text       
     comm_getData                              C3BF      2E      46       4   .text       
     comm_init                                 C3ED       3       3       1   .text       
     comm_initTransmissionCyclicMessages       C3F0      20      32       1   .text       
     comm_cyclic                               C410       6       6       1   .text       
     comm_cyclicReception                      C416       E      14       1   .text       
     comm_cyclicTransmission                   C424      11      17       1   .text       
     comm_transmitMessage                      C435      EB     235       1   .text       
     comm_receiveMessagesFromBus               C520     132     306       5   .text       
     comm_checkMessageId                       C652      51      81       1   .text       
     comm_readMessageFromBus                   C6A3      15      21       1   .text       
     comm_writeMessageToBus                    C6B8      14      20       3   .text       
     comm_clearAcks                            C6CC      1E      30       1   .text       
- VARIABLES:
     msgControl                                3800      1A      26       1   .data       
     msgSteering                               381A      1A      26       1   .data       
     msgWheel                                  3834      1A      26       1   .data       
     transmitMessages                          384E       6       6       6   .data       
     receiveMessages                           3854       4       4       4   .data       
MODULE:                 -- crc.c.o --
- PROCEDURES:
     crc8                                      C6EA      32      50       2   .text       
     checkCRC                                  C71C      14      20       1   .text       
- VARIABLES:
MODULE:                 -- handshake.c.o --
- PROCEDURES:
     handshake_init                            C730       1       1       1   .text       
     handshake_cyclic                          C731       1       1       1   .text       
- VARIABLES:
MODULE:                 -- bus_interface.c.o --
- PROCEDURES:
     bus_init                                  C732      13      19       2   .text       
     bus_writeMessageToBuffer                  C745      3F      63       1   .text       
     bus_readMessageFromBuffer                 C784      C0     192       1   .text       
     bus_clearDataAvailable                    C844       E      14       1   .text       
     bus_getDataAvailable                      C852      2E      46       1   .text       
     bus_checkMessageId                        C880      22      34       2   .text       
- VARIABLES:
MODULE:                 -- can_interface.c.o --
- PROCEDURES:
     can_init                                  C8A2       3       3       1   .text       
     can_writeToBuffer                         C8A5      4C      76       1   .text       
     can_readFromBuffer                        C8F1      53      83       2   .text       
     can_setDataAvailable                      C944       6       6       1   .text       
     can_clearDataAvailable                    C94A       7       7       1   .text       
     can_getDataAvailable                      C951       4       4       1   .text       
- VARIABLES:
     can_dataAvailable                         3858       2       2       3   .data       
     can_fifo                                  385D      2E      46       3   .bss        
MODULE:                 -- uart_interface.c.o --
- PROCEDURES:
     uart_init                                 C955       4       4       1   .text       
     uart_writeToBuffer                        C959      21      33       1   .text       
     uart_readFromBuffer                       C97A      53      83       2   .text       
     uart_clearDataAvailable                   C9CD       1       1       1   .text       
     uart_getDataAvailable                     C9CE       4       4       1   .text       
- VARIABLES:
     uart_dataAvailable                        388B       2       2       1   .bss        
     uart_fifo                                 388D      2E      46       2   .bss        
MODULE:                 -- drive.c.o --
- PROCEDURES:
     drive_init                                C9D2      20      32       1   .text       
     drive_cyclic                              C9F2      19      25       1   .text       
     drive_master                              CA0B      76     118       1   .text       
     drive_slave                               CA81      B4     180       1   .text       
     drive_getSteeringData                     CB35      93     147       1   .text       
- VARIABLES:
MODULE:                 -- id.c.o --
- PROCEDURES:
     id_init                                   CBC8      40      64       1   .text       
     id_getId                                  CC08       4       4       1   .text       
- VARIABLES:
     id                                        385A       2       2       2   .data       
MODULE:                 -- pid.c.o --
- PROCEDURES:
     pid_init                                  CC0C      13      19       1   .text       
     pid_cyclic                                CC1F      13      19       1   .text       
     pid_initInst                              CC32       C      12       1   .text       
     pid_calcI                                 CC3E      3B      59       1   .text       
     pid_calcD                                 CC79      12      18       1   .text       
     pid_updateValues                          CC8B      45      69       1   .text       
- VARIABLES:
     pid                                       38BD      30      48      11   .common     
MODULE:                 -- program.c.o --
- PROCEDURES:
     program_init                              CCD0      1D      29       1   .text       
     program_cyclic                            CCED       F      15       1   .text       
- VARIABLES:
MODULE:                 -- pwm.c.o --
- PROCEDURES:
     pwm_setSignal                             CCFC      57      87       6   .text       
- VARIABLES:
MODULE:                 -- sensor_interface.c.o --
- PROCEDURES:
     sensor_init                               CD53       1       1       1   .text       
     sensor_cyclic                             CD54       1       1       1   .text       
- VARIABLES:
     sensor                                    38ED       4       4       2   .common     
MODULE:                 -- BOARD_ID.c.o --
- PROCEDURES:
     BOARD_ID_GetMsk                           D569       D      13       1   BOARD_ID_CODE
     BOARD_ID_GetBit                           D576      14      20       3   BOARD_ID_CODE
- VARIABLES:
     BOARD_ID_Table                            D599       3       3       1   BOARD_ID_CONST
MODULE:                 -- fifo.c.o --
- PROCEDURES:
     fifo_in                                   CD55      58      88       3   .text       
     fifo_out                                  CDAD      41      65       2   .text       
- VARIABLES:
MODULE:                 -- PWM_SUSPENSION_UP.c.o --
- PROCEDURES:
     SetRatio                                  D41D      11      17       1   PWM_SUSPENSION_UP_CODE
     PWM_SUSPENSION_UP_SetRatio16              D42E       7       7       1   PWM_SUSPENSION_UP_CODE
     PWM_SUSPENSION_UP_Init                    D435      20      32       1   PWM_SUSPENSION_UP_CODE
- VARIABLES:
     RatioStore                                398D       2       2       3   PWM_SUSPENSION_UP_DATA
MODULE:                 -- PWM_SUSPENSION_DOWN.c.o --
- PROCEDURES:
     SetRatio                                  D455      11      17       1   PWM_SUSPENSION_DOWN_CODE
     PWM_SUSPENSION_DOWN_SetRatio16            D466       7       7       1   PWM_SUSPENSION_DOWN_CODE
     PWM_SUSPENSION_DOWN_Init                  D46D      19      25       1   PWM_SUSPENSION_DOWN_CODE
- VARIABLES:
     RatioStore                                398F       2       2       3   PWM_SUSPENSION_DOWN_DATA
MODULE:                 -- PWM_STEERING_LEFT.c.o --
- PROCEDURES:
     SetRatio                                  D486      11      17       1   PWM_STEERING_LEFT_CODE
     PWM_STEERING_LEFT_SetRatio8               D497       D      13       1   PWM_STEERING_LEFT_CODE
     PWM_STEERING_LEFT_Init                    D4A4      20      32       1   PWM_STEERING_LEFT_CODE
- VARIABLES:
     RatioStore                                3991       2       2       3   PWM_STEERING_LEFT_DATA
MODULE:                 -- PWM_STEERING_RIGHT.c.o --
- PROCEDURES:
     SetRatio                                  D4C4      11      17       1   PWM_STEERING_RIGHT_CODE
     PWM_STEERING_RIGHT_SetRatio8              D4D5       D      13       1   PWM_STEERING_RIGHT_CODE
     PWM_STEERING_RIGHT_Init                   D4E2      19      25       1   PWM_STEERING_RIGHT_CODE
- VARIABLES:
     RatioStore                                3993       2       2       3   PWM_STEERING_RIGHT_DATA
MODULE:                 -- PWM_WHEEL_FORWARDS.c.o --
- PROCEDURES:
     SetRatio                                  D4FB      11      17       1   PWM_WHEEL_FORWARDS_CODE
     PWM_WHEEL_FORWARDS_SetRatio8              D50C       D      13       1   PWM_WHEEL_FORWARDS_CODE
     PWM_WHEEL_FORWARDS_Init                   D519      19      25       1   PWM_WHEEL_FORWARDS_CODE
- VARIABLES:
     RatioStore                                3995       2       2       3   PWM_WHEEL_FORWARDS_DATA
MODULE:                 -- PWM_WHEEL_BACKWARDS.c.o --
- PROCEDURES:
     SetRatio                                  D532      11      17       1   PWM_WHEEL_BACKWARDS_CODE
     PWM_WHEEL_BACKWARDS_SetRatio8             D543       D      13       1   PWM_WHEEL_BACKWARDS_CODE
     PWM_WHEEL_BACKWARDS_Init                  D550      19      25       1   PWM_WHEEL_BACKWARDS_CODE
- VARIABLES:
     RatioStore                                3997       2       2       3   PWM_WHEEL_BACKWARDS_DATA
MODULE:                 -- LED.c.o --
- PROCEDURES:
     LED_PutVal                                D58A       B      11       2   LED_CODE    
- VARIABLES:
MODULE:                 -- utils.c.o --
- PROCEDURES:
     utils_tan                                 CDEE      F0     240       2   .text       
- VARIABLES:

*********************************************************************************************
MODULE STATISTIC
  Name                                      Data   Code  Const
---------------------------------------------------------------------------------------------
  Start12.c.o                                  0     49      0
  STDLIB.C.o (ansisi.lib)                      0     10      0
  STRING.C.o (ansisi.lib)                      0     60      0
  rtshc12.c.o (ansisi.lib)                     0    474      0
  Cpu.c.o                                      2    220      0
  EI2C1.c.o                                    1      6      0
  IO_Map.c.o                                 260      0      0
  Vectors.c.o                                  0      0    128
  Events.c.o                                   1    132      0
  Project_4.c.o                                0     17      0
  CAN1.c.o                                     2    735      0
  AD1.c.o                                     11     81      4
  AS1.c.o                                    142    462      0
  comm.c.o                                    88    857      0
  crc.c.o                                      0     70      0
  handshake.c.o                                0      2      0
  bus_interface.c.o                            0    368      0
  can_interface.c.o                           48    179      0
  uart_interface.c.o                          48    125      0
  drive.c.o                                    0    502      0
  id.c.o                                       2     68      0
  pid.c.o                                     48    196      0
  program.c.o                                  0     44      0
  pwm.c.o                                      0     87      0
  sensor_interface.c.o                         4      2      0
  BOARD_ID.c.o                                 0     33      3
  fifo.c.o                                     0    153      0
  PWM_SUSPENSION_UP.c.o                        2     56      0
  PWM_SUSPENSION_DOWN.c.o                      2     49      0
  PWM_STEERING_LEFT.c.o                        2     62      0
  PWM_STEERING_RIGHT.c.o                       2     55      0
  PWM_WHEEL_FORWARDS.c.o                       2     55      0
  PWM_WHEEL_BACKWARDS.c.o                      2     55      0
  LED.c.o                                      0     11      0
  utils.c.o                                    0    240      0
  other                                      256     10     98

*********************************************************************************************
SECTION USE IN OBJECT-ALLOCATION SECTION
---------------------------------------------------------------------------------------------
SECTION: ".text"
  Init _Startup abs memcpy memset PE_low_level_init CAN1_OnFreeTxBuffer 
  CAN1_OnFullRxBuffer CAN1_OnBusOff AD1_OnEnd AS1_OnError AS1_OnRxChar 
  AS1_OnTxChar AS1_OnFullRxBuf AS1_OnFreeTxBuf CAN1_OnError 
  CAN1_OnReceiverErrorPassive CAN1_OnOverrun CAN1_OnReceiverWarning main 
  comm_setData comm_getData comm_init comm_initTransmissionCyclicMessages 
  comm_cyclic comm_cyclicReception comm_cyclicTransmission comm_transmitMessage 
  comm_receiveMessagesFromBus comm_checkMessageId comm_readMessageFromBus 
  comm_writeMessageToBus comm_clearAcks crc8 checkCRC handshake_init 
  handshake_cyclic bus_init bus_writeMessageToBuffer bus_readMessageFromBuffer 
  bus_clearDataAvailable bus_getDataAvailable bus_checkMessageId can_init 
  can_writeToBuffer can_readFromBuffer can_setDataAvailable 
  can_clearDataAvailable can_getDataAvailable uart_init uart_writeToBuffer 
  uart_readFromBuffer uart_clearDataAvailable uart_getDataAvailable drive_init 
  drive_cyclic drive_master drive_slave drive_getSteeringData id_init id_getId 
  pid_init pid_cyclic pid_initInst pid_calcI pid_calcD pid_updateValues 
  program_init program_cyclic pwm_setSignal sensor_init sensor_cyclic fifo_in 
  fifo_out utils_tan 
SECTION: ".data"
  msgControl msgSteering msgWheel transmitMessages receiveMessages 
  can_dataAvailable id 
SECTION: ".bss"
  cont.1 can_fifo uart_dataAvailable uart_fifo 
SECTION: ".init"
  Cpu_Interrupt Cpu_Delay100US _EntryPoint 
SECTION: "NON_BANKED"
  CAN1_InterruptTx CAN1_InterruptRx CAN1_InterruptError AD1_Interrupt 
  AS1_Interrupt 
SECTION: "RUNTIME"
  _LSHL _LSHRU _LCMP _LNEG _LINC _LDEC _LMUL _LMULS16x32 _lDivMod _NEG_P 
  _LDIVS _ILSEXT _COPY _CASE_CHECKED_BYTE _CASE_SEARCH_8_BYTE 
SECTION: ".common"
  CCR_reg Shadow_AD0 pid sensor 
SECTION: "EI2C1_CODE"
  EI2C1_Init 
SECTION: "CAN1_DATA"
  ErrFlag SerFlag 
SECTION: "CAN1_CODE"
  CAN1_SendFrameExt CAN1_ReadFrame CAN1_Init 
SECTION: "AD1_DATA"
  OutFlg SumChan ModeFlg AD1_OutV 
SECTION: "AD1_CODE"
  AD1_Init 
SECTION: "AS1_DATA"
  SerFlag AS1_InpLen InpPtrR InpPtrW InpBuffer AS1_OutLen OutPtrR OutPtrW 
  OutBuffer OnFreeTxBuf_semaphore 
SECTION: "AS1_CODE"
  AS1_RecvChar AS1_SendBlock AS1_Init 
SECTION: "PWM_SUSPENSION_UP_CODE"
  SetRatio PWM_SUSPENSION_UP_SetRatio16 PWM_SUSPENSION_UP_Init 
SECTION: "PWM_SUSPENSION_DOWN_CODE"
  SetRatio PWM_SUSPENSION_DOWN_SetRatio16 PWM_SUSPENSION_DOWN_Init 
SECTION: "PWM_STEERING_LEFT_CODE"
  SetRatio PWM_STEERING_LEFT_SetRatio8 PWM_STEERING_LEFT_Init 
SECTION: "PWM_STEERING_RIGHT_CODE"
  SetRatio PWM_STEERING_RIGHT_SetRatio8 PWM_STEERING_RIGHT_Init 
SECTION: "PWM_WHEEL_FORWARDS_CODE"
  SetRatio PWM_WHEEL_FORWARDS_SetRatio8 PWM_WHEEL_FORWARDS_Init 
SECTION: "PWM_WHEEL_BACKWARDS_CODE"
  SetRatio PWM_WHEEL_BACKWARDS_SetRatio8 PWM_WHEEL_BACKWARDS_Init 
SECTION: "BOARD_ID_CODE"
  BOARD_ID_GetMsk BOARD_ID_GetBit 
SECTION: "LED_CODE"
  LED_PutVal 
SECTION: "EI2C1_DATA"
  SlaveAddr 
SECTION: ".abs_section_8"
  _PORTE 
SECTION: ".abs_section_9"
  _DDRE 
SECTION: ".abs_section_a"
  _PEAR 
SECTION: ".abs_section_b"
  _MODE 
SECTION: ".abs_section_c"
  _PUCR 
SECTION: ".abs_section_d"
  _RDRIV 
SECTION: ".abs_section_e"
  _EBICTL 
SECTION: ".abs_section_10"
  _INITRM 
SECTION: ".abs_section_11"
  _INITRG 
SECTION: ".abs_section_13"
  _MISC 
SECTION: ".abs_section_15"
  _ITCR 
SECTION: ".abs_section_16"
  _ITEST 
SECTION: ".abs_section_19"
  _VREGCTRL 
SECTION: ".abs_section_1c"
  _MEMSIZ0 
SECTION: ".abs_section_1d"
  _MEMSIZ1 
SECTION: ".abs_section_1e"
  _INTCR 
SECTION: ".abs_section_1f"
  _HPRIO 
SECTION: ".abs_section_20"
  _DBGC1 
SECTION: ".abs_section_21"
  _DBGSC 
SECTION: ".abs_section_24"
  _DBGCNT 
SECTION: ".abs_section_25"
  _DBGCCX 
SECTION: ".abs_section_28"
  _DBGC2 
SECTION: ".abs_section_29"
  _DBGC3 
SECTION: ".abs_section_2a"
  _DBGCAX 
SECTION: ".abs_section_2d"
  _DBGCBX 
SECTION: ".abs_section_30"
  _PPAGE 
SECTION: ".abs_section_34"
  _SYNR 
SECTION: ".abs_section_35"
  _REFDV 
SECTION: ".abs_section_37"
  _CRGFLG 
SECTION: ".abs_section_38"
  _CRGINT 
SECTION: ".abs_section_39"
  _CLKSEL 
SECTION: ".abs_section_3a"
  _PLLCTL 
SECTION: ".abs_section_3b"
  _RTICTL 
SECTION: ".abs_section_3c"
  _COPCTL 
SECTION: ".abs_section_3f"
  _ARMCOP 
SECTION: ".abs_section_40"
  _TIOS 
SECTION: ".abs_section_41"
  _CFORC 
SECTION: ".abs_section_42"
  _OC7M 
SECTION: ".abs_section_43"
  _OC7D 
SECTION: ".abs_section_46"
  _TSCR1 
SECTION: ".abs_section_47"
  _TTOV 
SECTION: ".abs_section_48"
  _TCTL1 
SECTION: ".abs_section_49"
  _TCTL2 
SECTION: ".abs_section_4a"
  _TCTL3 
SECTION: ".abs_section_4b"
  _TCTL4 
SECTION: ".abs_section_4c"
  _TIE 
SECTION: ".abs_section_4d"
  _TSCR2 
SECTION: ".abs_section_4e"
  _TFLG1 
SECTION: ".abs_section_4f"
  _TFLG2 
SECTION: ".abs_section_60"
  _PACTL 
SECTION: ".abs_section_61"
  _PAFLG 
SECTION: ".abs_section_86"
  _ATDSTAT0 
SECTION: ".abs_section_89"
  _ATDTEST1 
SECTION: ".abs_section_8b"
  _ATDSTAT1 
SECTION: ".abs_section_8d"
  _ATDDIEN 
SECTION: ".abs_section_8f"
  _PORTAD0 
SECTION: ".abs_section_ca"
  _SCICR1 
SECTION: ".abs_section_cb"
  _SCICR2 
SECTION: ".abs_section_cc"
  _SCISR1 
SECTION: ".abs_section_cd"
  _SCISR2 
SECTION: ".abs_section_ce"
  _SCIDRH 
SECTION: ".abs_section_cf"
  _SCIDRL 
SECTION: ".abs_section_d8"
  _SPICR1 
SECTION: ".abs_section_d9"
  _SPICR2 
SECTION: ".abs_section_da"
  _SPIBR 
SECTION: ".abs_section_db"
  _SPISR 
SECTION: ".abs_section_dd"
  _SPIDR 
SECTION: ".abs_section_e0"
  _PWME 
SECTION: ".abs_section_e1"
  _PWMPOL 
SECTION: ".abs_section_e2"
  _PWMCLK 
SECTION: ".abs_section_e3"
  _PWMPRCLK 
SECTION: ".abs_section_e4"
  _PWMCAE 
SECTION: ".abs_section_e5"
  _PWMCTL 
SECTION: ".abs_section_e8"
  _PWMSCLA 
SECTION: ".abs_section_e9"
  _PWMSCLB 
SECTION: ".abs_section_fe"
  _PWMSDN 
SECTION: ".abs_section_100"
  _FCLKDIV 
SECTION: ".abs_section_101"
  _FSEC 
SECTION: ".abs_section_103"
  _FCNFG 
SECTION: ".abs_section_104"
  _FPROT 
SECTION: ".abs_section_105"
  _FSTAT 
SECTION: ".abs_section_106"
  _FCMD 
SECTION: ".abs_section_140"
  _CANCTL0 
SECTION: ".abs_section_141"
  _CANCTL1 
SECTION: ".abs_section_142"
  _CANBTR0 
SECTION: ".abs_section_143"
  _CANBTR1 
SECTION: ".abs_section_144"
  _CANRFLG 
SECTION: ".abs_section_145"
  _CANRIER 
SECTION: ".abs_section_146"
  _CANTFLG 
SECTION: ".abs_section_147"
  _CANTIER 
SECTION: ".abs_section_148"
  _CANTARQ 
SECTION: ".abs_section_149"
  _CANTAAK 
SECTION: ".abs_section_14a"
  _CANTBSEL 
SECTION: ".abs_section_14b"
  _CANIDAC 
SECTION: ".abs_section_14e"
  _CANRXERR 
SECTION: ".abs_section_14f"
  _CANTXERR 
SECTION: ".abs_section_150"
  _CANIDAR0 
SECTION: ".abs_section_151"
  _CANIDAR1 
SECTION: ".abs_section_152"
  _CANIDAR2 
SECTION: ".abs_section_153"
  _CANIDAR3 
SECTION: ".abs_section_154"
  _CANIDMR0 
SECTION: ".abs_section_155"
  _CANIDMR1 
SECTION: ".abs_section_156"
  _CANIDMR2 
SECTION: ".abs_section_157"
  _CANIDMR3 
SECTION: ".abs_section_158"
  _CANIDAR4 
SECTION: ".abs_section_159"
  _CANIDAR5 
SECTION: ".abs_section_15a"
  _CANIDAR6 
SECTION: ".abs_section_15b"
  _CANIDAR7 
SECTION: ".abs_section_15c"
  _CANIDMR4 
SECTION: ".abs_section_15d"
  _CANIDMR5 
SECTION: ".abs_section_15e"
  _CANIDMR6 
SECTION: ".abs_section_15f"
  _CANIDMR7 
SECTION: ".abs_section_160"
  _CANRXIDR0 
SECTION: ".abs_section_161"
  _CANRXIDR1 
SECTION: ".abs_section_162"
  _CANRXIDR2 
SECTION: ".abs_section_163"
  _CANRXIDR3 
SECTION: ".abs_section_164"
  _CANRXDSR0 
SECTION: ".abs_section_165"
  _CANRXDSR1 
SECTION: ".abs_section_166"
  _CANRXDSR2 
SECTION: ".abs_section_167"
  _CANRXDSR3 
SECTION: ".abs_section_168"
  _CANRXDSR4 
SECTION: ".abs_section_169"
  _CANRXDSR5 
SECTION: ".abs_section_16a"
  _CANRXDSR6 
SECTION: ".abs_section_16b"
  _CANRXDSR7 
SECTION: ".abs_section_16c"
  _CANRXDLR 
SECTION: ".abs_section_170"
  _CANTXIDR0 
SECTION: ".abs_section_171"
  _CANTXIDR1 
SECTION: ".abs_section_172"
  _CANTXIDR2 
SECTION: ".abs_section_173"
  _CANTXIDR3 
SECTION: ".abs_section_174"
  _CANTXDSR0 
SECTION: ".abs_section_175"
  _CANTXDSR1 
SECTION: ".abs_section_176"
  _CANTXDSR2 
SECTION: ".abs_section_177"
  _CANTXDSR3 
SECTION: ".abs_section_178"
  _CANTXDSR4 
SECTION: ".abs_section_179"
  _CANTXDSR5 
SECTION: ".abs_section_17a"
  _CANTXDSR6 
SECTION: ".abs_section_17b"
  _CANTXDSR7 
SECTION: ".abs_section_17c"
  _CANTXDLR 
SECTION: ".abs_section_17d"
  _CANTXTBPR 
SECTION: ".abs_section_240"
  _PTT 
SECTION: ".abs_section_241"
  _PTIT 
SECTION: ".abs_section_242"
  _DDRT 
SECTION: ".abs_section_243"
  _RDRT 
SECTION: ".abs_section_244"
  _PERT 
SECTION: ".abs_section_245"
  _PPST 
SECTION: ".abs_section_247"
  _MODRR 
SECTION: ".abs_section_248"
  _PTS 
SECTION: ".abs_section_249"
  _PTIS 
SECTION: ".abs_section_24a"
  _DDRS 
SECTION: ".abs_section_24b"
  _RDRS 
SECTION: ".abs_section_24c"
  _PERS 
SECTION: ".abs_section_24d"
  _PPSS 
SECTION: ".abs_section_24e"
  _WOMS 
SECTION: ".abs_section_250"
  _PTM 
SECTION: ".abs_section_251"
  _PTIM 
SECTION: ".abs_section_252"
  _DDRM 
SECTION: ".abs_section_253"
  _RDRM 
SECTION: ".abs_section_254"
  _PERM 
SECTION: ".abs_section_255"
  _PPSM 
SECTION: ".abs_section_256"
  _WOMM 
SECTION: ".abs_section_258"
  _PTP 
SECTION: ".abs_section_259"
  _PTIP 
SECTION: ".abs_section_25a"
  _DDRP 
SECTION: ".abs_section_25b"
  _RDRP 
SECTION: ".abs_section_25c"
  _PERP 
SECTION: ".abs_section_25d"
  _PPSP 
SECTION: ".abs_section_25e"
  _PIEP 
SECTION: ".abs_section_25f"
  _PIFP 
SECTION: ".abs_section_268"
  _PTJ 
SECTION: ".abs_section_269"
  _PTIJ 
SECTION: ".abs_section_26a"
  _DDRJ 
SECTION: ".abs_section_26b"
  _RDRJ 
SECTION: ".abs_section_26c"
  _PERJ 
SECTION: ".abs_section_26d"
  _PPSJ 
SECTION: ".abs_section_26e"
  _PIEJ 
SECTION: ".abs_section_26f"
  _PIFJ 
SECTION: ".abs_section_270"
  _PTAD 
SECTION: ".abs_section_271"
  _PTIAD 
SECTION: ".abs_section_272"
  _DDRAD 
SECTION: ".abs_section_273"
  _RDRAD 
SECTION: ".abs_section_274"
  _PERAD 
SECTION: ".abs_section_275"
  _PPSAD 
SECTION: ".abs_section_0"
  _PORTAB 
SECTION: ".abs_section_2"
  _DDRAB 
SECTION: ".abs_section_1a"
  _PARTID 
SECTION: ".abs_section_22"
  _DBGTB 
SECTION: ".abs_section_26"
  _DBGCC 
SECTION: ".abs_section_2b"
  _DBGCA 
SECTION: ".abs_section_2e"
  _DBGCB 
SECTION: ".abs_section_44"
  _TCNT 
SECTION: ".abs_section_50"
  _TC0 
SECTION: ".abs_section_52"
  _TC1 
SECTION: ".abs_section_54"
  _TC2 
SECTION: ".abs_section_56"
  _TC3 
SECTION: ".abs_section_58"
  _TC4 
SECTION: ".abs_section_5a"
  _TC5 
SECTION: ".abs_section_5c"
  _TC6 
SECTION: ".abs_section_5e"
  _TC7 
SECTION: ".abs_section_62"
  _PACNT 
SECTION: ".abs_section_82"
  _ATDCTL23 
SECTION: ".abs_section_84"
  _ATDCTL45 
SECTION: ".abs_section_90"
  _ATDDR0 
SECTION: ".abs_section_92"
  _ATDDR1 
SECTION: ".abs_section_94"
  _ATDDR2 
SECTION: ".abs_section_96"
  _ATDDR3 
SECTION: ".abs_section_98"
  _ATDDR4 
SECTION: ".abs_section_9a"
  _ATDDR5 
SECTION: ".abs_section_9c"
  _ATDDR6 
SECTION: ".abs_section_9e"
  _ATDDR7 
SECTION: ".abs_section_c8"
  _SCIBD 
SECTION: ".abs_section_ec"
  _PWMCNT01 
SECTION: ".abs_section_ee"
  _PWMCNT23 
SECTION: ".abs_section_f0"
  _PWMCNT45 
SECTION: ".abs_section_f2"
  _PWMPER01 
SECTION: ".abs_section_f4"
  _PWMPER23 
SECTION: ".abs_section_f6"
  _PWMPER45 
SECTION: ".abs_section_f8"
  _PWMDTY01 
SECTION: ".abs_section_fa"
  _PWMDTY23 
SECTION: ".abs_section_fc"
  _PWMDTY45 
SECTION: ".abs_section_16e"
  _CANRXTSR 
SECTION: ".abs_section_17e"
  _CANTXTSR 
SECTION: ".abs_section_ff80"
  _InterruptVectorTable 
SECTION: "AD1_CONST"
  Channels 
SECTION: "BOARD_ID_CONST"
  BOARD_ID_Table 
SECTION: "PWM_SUSPENSION_UP_DATA"
  RatioStore 
SECTION: "PWM_SUSPENSION_DOWN_DATA"
  RatioStore 
SECTION: "PWM_STEERING_LEFT_DATA"
  RatioStore 
SECTION: "PWM_STEERING_RIGHT_DATA"
  RatioStore 
SECTION: "PWM_WHEEL_FORWARDS_DATA"
  RatioStore 
SECTION: "PWM_WHEEL_BACKWARDS_DATA"
  RatioStore 

*********************************************************************************************
OBJECT LIST SORTED BY ADDRESS
     Name                                      Addr   hSize   dSize     Ref    Section   RLIB
---------------------------------------------------------------------------------------------
     _PORTAB                                      0       2       2       3   .abs_section_0
     _DDRAB                                       2       2       2       1   .abs_section_2
     _PORTE                                       8       1       1       0   .abs_section_8
     _DDRE                                        9       1       1       0   .abs_section_9
     _PEAR                                        A       1       1       1   .abs_section_a
     _MODE                                        B       1       1       0   .abs_section_b
     _PUCR                                        C       1       1       1   .abs_section_c
     _RDRIV                                       D       1       1       1   .abs_section_d
     _EBICTL                                      E       1       1       0   .abs_section_e
     _INITRM                                     10       1       1       1   .abs_section_10
     _INITRG                                     11       1       1       0   .abs_section_11
     _MISC                                       13       1       1       1   .abs_section_13
     _ITCR                                       15       1       1       0   .abs_section_15
     _ITEST                                      16       1       1       0   .abs_section_16
     _VREGCTRL                                   19       1       1       1   .abs_section_19
     _PARTID                                     1A       2       2       0   .abs_section_1a
[...]
NOT USED VARIABLES
STDLIB.C.o (ansisi.lib):
  seed channels errno 
STRING.C.o (ansisi.lib):
  STRING..1 next.2 
rtshc12.c.o (ansisi.lib):
  _PowOfTwo_8 _PowOfTwo_16 _PowOfTwo_32 errno 
Events.c.o:
  loc_counterSteering.2 loc_counterWheel.3 loc_counterSuspension.4 Values 
  i16CurrentADC i16SteeringADC i16Suspension1ADC i16Suspension2ADC 
  i16CurrentSetPoint i16SteeringSetPoint i16Suspension1SetPoint 
  i16Suspension2SetPoint 
Project_4.c.o:
  err 
comm.c.o:
  msgCurrent msgSuspension 
handshake.c.o:
  handshakeRqst handshakeResponse transmitMessage receiveMessage 
drive.c.o:
  VEHICLE_LENGTH VEHICLE_WIDTH STEERING_CENTER STEERING_RANGE WHEEL_RANGE 
  WHEEL_DEADZONE WHEEL_MAX 

*********************************************************************************************
COPYDOWN SECTION
---------------------------------------------------------------------------------------------
------- ROM-ADDRESS: 0xD59C ---- SIZE       4 ---
Filling bytes inserted
 005C3800
------- ROM-ADDRESS: 0xD5A0 ---- RAM-ADDRESS: 0x3800 ---- SIZE      18 ---
Name of initialized Object : msgControl
 10FFFFFFFF FFFFFFFFFF 0000050300
 010001
------- ROM-ADDRESS: 0xD5B2 ---- SIZE       8 ---
Filling bytes inserted
 0000000000 000000
------- ROM-ADDRESS: 0xD5BA ---- RAM-ADDRESS: 0x381A ---- SIZE      26 ---
Name of initialized Object : msgSteering
 40FFFFFFFF FFFFFFFFFF 0000050300
 0100010000 0001000100 01
------- ROM-ADDRESS: 0xD5D4 ---- RAM-ADDRESS: 0x3834 ---- SIZE      26 ---
Name of initialized Object : msgWheel
 50FFFFFFFF FFFFFFFFFF 0000050300
 0100010000 0001000100 01
------- ROM-ADDRESS: 0xD5EE ---- RAM-ADDRESS: 0x384E ---- SIZE       4 ---
Name of initialized Object : transmitMessages
 3834381A
------- ROM-ADDRESS: 0xD5F2 ---- SIZE       2 ---
Filling bytes inserted
 0000
------- ROM-ADDRESS: 0xD5F4 ---- RAM-ADDRESS: 0x3854 ---- SIZE       1 ---
Name of initialized Object : receiveMessages
 38
------- ROM-ADDRESS: 0xD5F5 ---- SIZE       4 ---
Filling bytes inserted
 00000000
------- ROM-ADDRESS: 0xD5F9 ---- RAM-ADDRESS: 0x3859 ---- SIZE       1 ---
Name of initialized Object : can_dataAvailable:1
 01
------- ROM-ADDRESS: 0xD5FA ---- RAM-ADDRESS: 0x385A ---- SIZE       2 ---
Name of initialized Object : id
 FFFF
------- ROM-ADDRESS: 0xD5FC ---- SIZE       2 ---
Filling bytes inserted
 0000

*********************************************************************************************
OBJECT-DEPENDENCIES SECTION
---------------------------------------------------------------------------------------------
transmitMessages          USES msgWheel msgSteering 
receiveMessages           USES msgControl 
_EntryPoint               USES _INITRM _MISC _PEAR _CLKSEL _PLLCTL _SYNR 
                                _REFDV _CRGFLG _Startup 
CAN1_InterruptTx          USES _CANTFLG _CANTIER CAN1_OnFreeTxBuffer 
CAN1_InterruptRx          USES SerFlag ErrFlag CAN1_OnOverrun 
                                CAN1_OnFullRxBuffer _CANRFLG 
CAN1_InterruptError       USES _CANRFLG ErrFlag CAN1_OnBusOff CAN1_OnOverrun 
                                CAN1_OnReceiverErrorPassive CAN1_OnReceiverWarning CAN1_OnError 
AD1_Interrupt             USES ModeFlg _ATDDR0 SumChan AD1_OutV OutFlg 
                                AD1_OnEnd Channels _ATDCTL45 
AS1_Interrupt             USES _SCISR1 SerFlag _SCIDRL AS1_OnError AS1_InpLen 
                                InpPtrW InpBuffer AS1_OnRxChar AS1_OnFullRxBuf _SCICR2 
                                AS1_OutLen OutPtrR OutBuffer OnFreeTxBuf_semaphore 
                                AS1_OnTxChar AS1_OnFreeTxBuf 
Init                      USES _startupData 
_Startup                  USES __SEG_END_SSTACK Init main 
PE_low_level_init         USES _PTT _PPST _PERT _DDRT _ATDDIEN _PTS _DDRS 
                                _PWME _MODRR _PWMCTL _PWMCAE _PWMPOL _PTP _DDRP 
                                _PTAD _PERAD _DDRAD _PORTAB _PUCR _DDRAB _CRGINT 
                                _VREGCTRL _COPCTL _RDRIV _RDRAD _RDRJ _RDRM _RDRP _RDRS 
                                _RDRT _INTCR EI2C1_Init CAN1_Init AD1_Init AS1_Init 
                                PWM_SUSPENSION_UP_Init PWM_SUSPENSION_DOWN_Init 
                                PWM_STEERING_LEFT_Init PWM_STEERING_RIGHT_Init 
                                PWM_WHEEL_FORWARDS_Init PWM_WHEEL_BACKWARDS_Init Shadow_AD0 
CAN1_OnFreeTxBuffer       USES cont.1 
CAN1_OnFullRxBuffer       USES LED_PutVal CAN1_ReadFrame can_fifo fifo_in 
                                can_setDataAvailable 
AS1_OnRxChar              USES AS1_RecvChar uart_fifo fifo_in 
main                      USES PE_low_level_init program_init program_cyclic 
                                Cpu_Delay100US 
comm_setData              USES transmitMessages memcpy 
comm_getData              USES receiveMessages memcpy 
comm_init                 USES comm_initTransmissionCyclicMessages 
comm_initTransmissionCyclicMessages USES transmitMessages 
comm_cyclic               USES comm_cyclicReception comm_cyclicTransmission 
comm_cyclicReception      USES comm_clearAcks comm_receiveMessagesFromBus 
comm_cyclicTransmission   USES transmitMessages comm_transmitMessage 
comm_transmitMessage      USES _CASE_CHECKED_BYTE crc8 memcpy 
                                comm_writeMessageToBus 
comm_receiveMessagesFromBus USES bus_getDataAvailable 
                                comm_receiveMessagesFromBus comm_checkMessageId transmitMessages 
                                receiveMessages checkCRC comm_writeMessageToBus 
                                comm_readMessageFromBus bus_clearDataAvailable _COPY 
comm_checkMessageId       USES receiveMessages transmitMessages 
comm_readMessageFromBus   USES bus_readMessageFromBuffer 
comm_writeMessageToBus    USES bus_writeMessageToBuffer 
comm_clearAcks            USES transmitMessages receiveMessages 
checkCRC                  USES crc8 
bus_init                  USES uart_init can_init 
bus_writeMessageToBuffer  USES uart_writeToBuffer can_writeToBuffer 
bus_readMessageFromBuffer USES bus_checkMessageId uart_readFromBuffer memcpy 
                                can_readFromBuffer 
bus_clearDataAvailable    USES uart_clearDataAvailable can_clearDataAvailable 
bus_getDataAvailable      USES uart_getDataAvailable can_getDataAvailable 
bus_checkMessageId        USES _CASE_SEARCH_8_BYTE 
can_writeToBuffer         USES memcpy CAN1_SendFrameExt 
can_readFromBuffer        USES can_fifo fifo_out memcpy 
can_setDataAvailable      USES can_dataAvailable 
can_clearDataAvailable    USES can_dataAvailable 
can_getDataAvailable      USES can_dataAvailable 
uart_writeToBuffer        USES AS1_SendBlock 
uart_readFromBuffer       USES uart_fifo fifo_out memcpy 
uart_getDataAvailable     USES uart_dataAvailable 
drive_init                USES pwm_setSignal 
drive_cyclic              USES id_getId drive_master drive_slave 
drive_master              USES comm_getData comm_setData drive_getSteeringData 
drive_slave               USES sensor comm_getData pid _ILSEXT pwm_setSignal 
drive_getSteeringData     USES _LDIVS _LNEG utils_tan 
id_init                   USES BOARD_ID_GetBit _CASE_CHECKED_BYTE id 
id_getId                  USES id 
pid_init                  USES pid pid_initInst 
pid_cyclic                USES pid pid_updateValues 
pid_initInst              USES memset 
pid_updateValues          USES pid_calcI pid_calcD 
program_init              USES id_init bus_init handshake_init comm_init 
                                pid_init drive_init sensor_init 
program_cyclic            USES handshake_cyclic comm_cyclic sensor_cyclic 
                                drive_cyclic pid_cyclic 
pwm_setSignal             USES abs _CASE_CHECKED_BYTE 
                                PWM_STEERING_LEFT_SetRatio8 PWM_STEERING_RIGHT_SetRatio8 
                                PWM_SUSPENSION_UP_SetRatio16 PWM_SUSPENSION_DOWN_SetRatio16 
                                PWM_WHEEL_FORWARDS_SetRatio8 PWM_WHEEL_BACKWARDS_SetRatio8 
fifo_in                   USES _LINC 
fifo_out                  USES _LDEC 
utils_tan                 USES _LCMP _LMULS16x32 _LMUL _LDIVS utils_tan 
_LMULS16x32               USES _LNEG 
_LDIVS                    USES _NEG_P _lDivMod 
EI2C1_Init                USES SlaveAddr 
CAN1_SendFrameExt         USES CCR_reg _CANTFLG CAN1_SendFrameExt _CANTBSEL 
                                _CANTXIDR0 _CANTIER _LSHL _CANTXDLR _CANTXTBPR 
CAN1_ReadFrame            USES SerFlag CAN1_ReadFrame _CANRXIDR0 _CANRXIDR1 
                                _CANRXIDR2 _CANRXIDR3 _LSHRU _CANRXDLR _CANRXDSR0 
CAN1_Init                 USES _CANCTL1 _CANCTL0 _CANIDAC _CANIDAR0 _CANIDAR1 
                                _CANIDAR2 _CANIDAR3 _CANIDAR4 _CANIDAR5 _CANIDAR6 
                                _CANIDAR7 _CANIDMR0 _CANIDMR1 _CANIDMR2 _CANIDMR3 
                                _CANIDMR4 _CANIDMR5 _CANIDMR6 _CANIDMR7 _CANBTR0 
                                _CANBTR1 _CANRFLG _CANRIER 
AD1_Init                  USES OutFlg ModeFlg _ATDCTL45 _ATDCTL23 
AS1_RecvChar              USES AS1_InpLen CCR_reg InpPtrR InpBuffer SerFlag 
AS1_SendBlock             USES OnFreeTxBuf_semaphore CCR_reg AS1_OutLen 
                                OutPtrW OutBuffer _SCICR2 
AS1_Init                  USES SerFlag OnFreeTxBuf_semaphore _SCICR1 _SCISR2 
                                _SCISR1 AS1_InpLen InpBuffer InpPtrR InpPtrW 
                                AS1_OutLen OutBuffer OutPtrR OutPtrW _SCICR2 _SCIBD 
SetRatio                  USES RatioStore _PWMDTY23 
PWM_SUSPENSION_UP_SetRatio16 USES RatioStore SetRatio 
PWM_SUSPENSION_UP_Init    USES _PWMCNT23 _PWMSDN RatioStore _PWMDTY23 
                                _PWMPER23 _PWMPRCLK _PWMSCLB _PWMCLK _PWME 
SetRatio                  USES RatioStore _PWMDTY23 
PWM_SUSPENSION_DOWN_SetRatio16 USES RatioStore SetRatio 
PWM_SUSPENSION_DOWN_Init  USES _PWMCNT23 _PWMSDN RatioStore _PWMDTY23 
                                _PWMPER23 _PWMCLK _PWME 
SetRatio                  USES RatioStore _PWMDTY45 
PWM_STEERING_LEFT_SetRatio8 USES RatioStore SetRatio 
PWM_STEERING_LEFT_Init    USES _PWMCNT45 _PWMSDN RatioStore _PWMDTY45 
                                _PWMPER45 _PWMPRCLK _PWMSCLA _PWMCLK _PWME 
SetRatio                  USES RatioStore _PWMDTY45 
PWM_STEERING_RIGHT_SetRatio8 USES RatioStore SetRatio 
PWM_STEERING_RIGHT_Init   USES _PWMCNT45 _PWMSDN RatioStore _PWMDTY45 
                                _PWMPER45 _PWMCLK _PWME 
SetRatio                  USES RatioStore _PWMDTY01 
PWM_WHEEL_FORWARDS_SetRatio8 USES RatioStore SetRatio 
PWM_WHEEL_FORWARDS_Init   USES _PWMCNT01 _PWMSDN RatioStore _PWMDTY01 
                                _PWMPER01 _PWMCLK _PWME 
SetRatio                  USES RatioStore _PWMDTY01 
PWM_WHEEL_BACKWARDS_SetRatio8 USES RatioStore SetRatio 
PWM_WHEEL_BACKWARDS_Init  USES _PWMCNT01 _PWMSDN RatioStore _PWMDTY01 
                                _PWMPER01 _PWMCLK _PWME 
BOARD_ID_GetMsk           USES BOARD_ID_Table 
BOARD_ID_GetBit           USES BOARD_ID_GetMsk _PTAD 
LED_PutVal                USES _PORTAB 
_InterruptVectorTable     USES Cpu_Interrupt CAN1_InterruptTx CAN1_InterruptRx 
                                CAN1_InterruptError AD1_Interrupt AS1_Interrupt _EntryPoint 

*********************************************************************************************
DEPENDENCY TREE
*********************************************************************************************
 main and _Startup Group
 | 
 +- main                
 |  | 
 |  +- PE_low_level_init   
 |  |  | 
 |  |  +- EI2C1_Init          
 |  |  |    
 |  |  +- CAN1_Init           
 |  |  |    
 |  |  +- AD1_Init            
 |  |  |    
 |  |  +- AS1_Init            
 |  |  |    
 |  |  +- PWM_SUSPENSION_UP_Init
 |  |  |    
 |  |  +- PWM_SUSPENSION_DOWN_Init
 |  |  |    
 |  |  +- PWM_STEERING_LEFT_Init
 |  |  |    
 |  |  +- PWM_STEERING_RIGHT_Init
 |  |  |    
 |  |  +- PWM_WHEEL_FORWARDS_Init
 |  |  |    
 |  |  +- PWM_WHEEL_BACKWARDS_Init
 |  |       
 |  +- program_init        
 |  |  | 
 |  |  +- id_init             
 |  |  |  | 
 |  |  |  +- BOARD_ID_GetBit     
 |  |  |  |  | 
 |  |  |  |  +- BOARD_ID_GetMsk     
 |  |  |  |       
 |  |  |  +- _CASE_CHECKED_BYTE  
 |  |  |       
 |  |  +- bus_init            
 |  |  |  | 
 |  |  |  +- uart_init           
 |  |  |  |    
 |  |  |  +- can_init            
 |  |  |       
 |  |  +- handshake_init      
 |  |  |    
 |  |  +- comm_init           
 |  |  |  | 
 |  |  |  +- comm_initTransmissionCyclicMessages
 |  |  |       
 |  |  +- pid_init            
 |  |  |  | 
 |  |  |  +- pid_initInst        
 |  |  |     | 
 |  |  |     +- memset              
 |  |  |          
 |  |  +- drive_init          
 |  |  |  | 
 |  |  |  +- pwm_setSignal       
 |  |  |     | 
 |  |  |     +- abs                 
 |  |  |     |    
 |  |  |     +- _CASE_CHECKED_BYTE   (see above)
 |  |  |     |  
 |  |  |     +- PWM_STEERING_LEFT_SetRatio8
 |  |  |     |  | 
 |  |  |     |  +- SetRatio            
 |  |  |     |       
 |  |  |     +- PWM_STEERING_RIGHT_SetRatio8
 |  |  |     |  | 
 |  |  |     |  +- SetRatio            
 |  |  |     |       
 |  |  |     +- PWM_SUSPENSION_UP_SetRatio16
 |  |  |     |  | 
 |  |  |     |  +- SetRatio            
 |  |  |     |       
 |  |  |     +- PWM_SUSPENSION_DOWN_SetRatio16
 |  |  |     |  | 
 |  |  |     |  +- SetRatio            
 |  |  |     |       
 |  |  |     +- PWM_WHEEL_FORWARDS_SetRatio8
 |  |  |     |  | 
 |  |  |     |  +- SetRatio            
 |  |  |     |       
 |  |  |     +- PWM_WHEEL_BACKWARDS_SetRatio8
 |  |  |        | 
 |  |  |        +- SetRatio            
 |  |  |             
 |  |  +- sensor_init         
 |  |       
 |  +- program_cyclic      
 |  |  | 
 |  |  +- handshake_cyclic    
 |  |  |    
 |  |  +- comm_cyclic         
 |  |  |  | 
 |  |  |  +- comm_cyclicReception
 |  |  |  |  | 
 |  |  |  |  +- comm_clearAcks      
 |  |  |  |  |    
 |  |  |  |  +- comm_receiveMessagesFromBus
 |  |  |  |     | 
 |  |  |  |     +- bus_getDataAvailable
 |  |  |  |     |  | 
 |  |  |  |     |  +- uart_getDataAvailable
 |  |  |  |     |  |    
 |  |  |  |     |  +- can_getDataAvailable
 |  |  |  |     |       
 |  |  |  |     +- comm_checkMessageId 
 |  |  |  |     |    
 |  |  |  |     +- checkCRC            
 |  |  |  |     |  | 
 |  |  |  |     |  +- crc8                
 |  |  |  |     |       
 |  |  |  |     +- comm_writeMessageToBus
 |  |  |  |     |  | 
 |  |  |  |     |  +- bus_writeMessageToBuffer
 |  |  |  |     |     | 
 |  |  |  |     |     +- uart_writeToBuffer  
 |  |  |  |     |     |  | 
 |  |  |  |     |     |  +- AS1_SendBlock       
 |  |  |  |     |     |       
 |  |  |  |     |     +- can_writeToBuffer   
 |  |  |  |     |        | 
 |  |  |  |     |        +- memcpy              
 |  |  |  |     |        |    
 |  |  |  |     |        +- CAN1_SendFrameExt   
 |  |  |  |     |           | 
 |  |  |  |     |           +- _LSHL               
 |  |  |  |     |                
 |  |  |  |     +- comm_readMessageFromBus
 |  |  |  |     |  | 
 |  |  |  |     |  +- bus_readMessageFromBuffer
 |  |  |  |     |     | 
 |  |  |  |     |     +- bus_checkMessageId  
 |  |  |  |     |     |  | 
 |  |  |  |     |     |  +- _CASE_SEARCH_8_BYTE 
 |  |  |  |     |     |       
 |  |  |  |     |     +- uart_readFromBuffer 
 |  |  |  |     |     |  | 
 |  |  |  |     |     |  +- fifo_out            
 |  |  |  |     |     |  |  | 
 |  |  |  |     |     |  |  +- _LDEC               
 |  |  |  |     |     |  |       
 |  |  |  |     |     |  +- memcpy               (see above)
 |  |  |  |     |     |     
 |  |  |  |     |     +- memcpy               (see above)
 |  |  |  |     |     |  
 |  |  |  |     |     +- can_readFromBuffer  
 |  |  |  |     |        | 
 |  |  |  |     |        +- fifo_out             (see above)
 |  |  |  |     |        |  
 |  |  |  |     |        +- memcpy               (see above)
 |  |  |  |     |           
 |  |  |  |     +- bus_clearDataAvailable
 |  |  |  |     |  | 
 |  |  |  |     |  +- uart_clearDataAvailable
 |  |  |  |     |  |    
 |  |  |  |     |  +- can_clearDataAvailable
 |  |  |  |     |       
 |  |  |  |     +- _COPY               
 |  |  |  |          
 |  |  |  +- comm_cyclicTransmission
 |  |  |     | 
 |  |  |     +- comm_transmitMessage
 |  |  |        | 
 |  |  |        +- _CASE_CHECKED_BYTE   (see above)
 |  |  |        |  
 |  |  |        +- crc8                 (see above)
 |  |  |        |  
 |  |  |        +- memcpy               (see above)
 |  |  |        |  
 |  |  |        +- comm_writeMessageToBus (see above)
 |  |  |           
 |  |  +- sensor_cyclic       
 |  |  |    
 |  |  +- drive_cyclic        
 |  |  |  | 
 |  |  |  +- id_getId            
 |  |  |  |    
 |  |  |  +- drive_master        
 |  |  |  |  | 
 |  |  |  |  +- comm_getData        
 |  |  |  |  |  | 
 |  |  |  |  |  +- memcpy               (see above)
 |  |  |  |  |     
 |  |  |  |  +- comm_setData        
 |  |  |  |  |  | 
 |  |  |  |  |  +- memcpy               (see above)
 |  |  |  |  |     
 |  |  |  |  +- drive_getSteeringData
 |  |  |  |     | 
 |  |  |  |     +- _LDIVS              
 |  |  |  |     |  | 
 |  |  |  |     |  +- _NEG_P              
 |  |  |  |     |  |    
 |  |  |  |     |  +- _lDivMod            
 |  |  |  |     |       
 |  |  |  |     +- _LNEG               
 |  |  |  |     |    
 |  |  |  |     +- utils_tan           
 |  |  |  |        | 
 |  |  |  |        +- _LCMP               
 |  |  |  |        |    
 |  |  |  |        +- _LMULS16x32         
 |  |  |  |        |  | 
 |  |  |  |        |  +- _LNEG                (see above)
 |  |  |  |        |     
 |  |  |  |        +- _LMUL               
 |  |  |  |        |    
 |  |  |  |        +- _LDIVS               (see above)
 |  |  |  |           
 |  |  |  +- drive_slave         
 |  |  |     | 
 |  |  |     +- comm_getData         (see above)
 |  |  |     |  
 |  |  |     +- _ILSEXT             
 |  |  |     |    
 |  |  |     +- pwm_setSignal        (see above)
 |  |  |        
 |  |  +- pid_cyclic          
 |  |     | 
 |  |     +- pid_updateValues    
 |  |        | 
 |  |        +- pid_calcI           
 |  |        |    
 |  |        +- pid_calcD           
 |  |             
 |  +- Cpu_Delay100US      
 |       
 +- _EntryPoint         
    | 
    +- _Startup            
       | 
       +- Init                
       |    
       +- main                 (see above)
          
 _InterruptVectorTable
 | 
 +- Cpu_Interrupt       
 |    
 +- CAN1_InterruptTx    
 |  | 
 |  +- CAN1_OnFreeTxBuffer 
 |       
 +- CAN1_InterruptRx    
 |  | 
 |  +- CAN1_OnOverrun      
 |  |    
 |  +- CAN1_OnFullRxBuffer 
 |     | 
 |     +- LED_PutVal          
 |     |    
 |     +- CAN1_ReadFrame      
 |     |  | 
 |     |  +- _LSHRU              
 |     |       
 |     +- fifo_in             
 |     |  | 
 |     |  +- _LINC               
 |     |       
 |     +- can_setDataAvailable
 |          
 +- CAN1_InterruptError 
 |  | 
 |  +- CAN1_OnBusOff       
 |  |    
 |  +- CAN1_OnOverrun       (see above)
 |  |  
 |  +- CAN1_OnReceiverErrorPassive
 |  |    
 |  +- CAN1_OnReceiverWarning
 |  |    
 |  +- CAN1_OnError        
 |       
 +- AD1_Interrupt       
 |  | 
 |  +- AD1_OnEnd           
 |       
 +- AS1_Interrupt       
 |  | 
 |  +- AS1_OnError         
 |  |    
 |  +- AS1_OnRxChar        
 |  |  | 
 |  |  +- AS1_RecvChar        
 |  |  |    
 |  |  +- fifo_in              (see above)
 |  |     
 |  +- AS1_OnFullRxBuf     
 |  |    
 |  +- AS1_OnTxChar        
 |  |    
 |  +- AS1_OnFreeTxBuf     
 |       
 +- _EntryPoint          (see above)
    
*********************************************************************************************
STATISTIC SECTION
---------------------------------------------------------------------------------------------

ExeFile:
--------
Number of blocks to be downloaded: 18
Total size of all blocks to be downloaded: 5758

